/ Use "/" to add comments. Lines like this one will be ignored by the level reader.

/ Backgrounds
/ 0:0-0:0 <- this is what time the background will start scrolling at, and what time it will stop at. if it is set at 0:0-0:0, then it means it will start at the level start and never stop
/ Background_back <- this is the filename used for the background
/ 3,0 <- this is at what direction and speed it will scroll
/ 0,0 <- what layer it will be included into
/ 0:2000|DARK_THOUGHT|0,500|200,250=400,200=600,600=;True;True;| <- NEW syntax for adding paths
/ the first True decides if the enemy will repeat its path, the second True complements the first by deciding if it will go back the same path or restart from the first point


[Backgrounds-back]
0:10000=0:40000|Scrolling|Backgrounds\\background__0002s_0007_Layer-2|1,5|0,95|False|
0:0=0:2|Scrolling|Backgrounds\\background__0002s_0006_Layer-3|0,8|0,9|False|
1:0=0:0|Scrolling|Backgrounds\\background__0002s_0006_Layer-3|1,8|0,9|True|
1:0=0:0|Scrolling|Backgrounds\\background__0002s_0005_Layer-4|2,0|0,7|True|
0:30000=0:5000|Scrolling|Backgrounds\\background__0002s_0005_Layer-4|1,0|0,7|False|

1:0=0:0|Scrolling|Backgrounds\\background__0002s_0004_Layer-5|1,0|0,75|False|
0:40000=1:20000|Scrolling|Backgrounds\\background__0002s_0003_Layer-6|2,5|0,6|False|
0:10000=0:15000|Scrolling|Backgrounds\\background__0002s_0004_Layer-5|2,5|0,5|False|
0:25000=1:0|Scrolling|Backgrounds\\background__0002s_0002_Layer-7|2,0|0,4|False|


/0:0=0:0|Batch|1000;3000;False;True;|2,2|0,8|False|
0:0=0:0|Pillar|PILLAR_1|2,5|0,7|False|

END

[Backgrounds-front]
0:0=0:0|Scrolling|Backgrounds\\background__0002s_0000_Layer-9|3,0|0,1|False|

END

/ Entity types that the level reader will recognize:
/ DARK_THOUGHT, NIGHTMARE, BLOOD_VESSEL, INNER_DEMON, DARK_WHISPER,
/ 00:00 <- time until entity will spawn |BLOOD_VESSEL <- type of entity that will spawn| 0,100 <- where the entity will spawn|100,300-300,600 <- movement path (if available to entity)


[Enemies]


0:3000|BOSS|-300,60|


END