/ Use "/" to add comments. Lines like this one will be ignored by the level reader.

/ Backgrounds
/ 0:0-0:0 <- this is what time the background will start scrolling at, and what time it will stop at. if it is set at 0:0-0:0, then it means it will start at the level start and never stop
/ Background_back <- this is the filename used for the background
/ 3,0 <- this is at what direction and speed it will scroll
/ 0,0 <- what layer it will be included into

[Backgrounds-back]
0:0=0:0|Scrolling|Backgrounds\\background__0002s_0008_Layer-1|1,0|1,0|
/0:0=0:0|Scrolling|Backgrounds\\background__0002s_0007_Layer-2|0,5|0,0|
/0:0=0:0|Scrolling|Backgrounds\\background__0002s_0006_Layer-3|1,0|0,1|
0:0=0:0|Scrolling|Backgrounds\\background__0002s_0005_Layer-4|1,0|0,2|
/0:0=0:0|Scrolling|Backgrounds\\background__0002s_0005_Layer-4|1,0|0,0|

/0:0=0:0|Scrolling|Backgrounds\\background__0002s_0004_Layer-5|1,0|0,0|
/0:0=0:0|Scrolling|Backgrounds\\background__0002s_0003_Layer-6|2,0|0,0|
/0:0=0:0|Scrolling|Backgrounds\\background__0002s_0002_Layer-7|2,0|0,0|
/0:0=0:0|Scrolling|Backgrounds\\background__0002s_0001_Layer-8|2,0|0,0|

0:0=0:0|Batch|1000;3000;True;True;|5,0|0,4|
0:0=0:0|Pillar|PILLAR_1|-4,0|1,0|

END

/ Entity types that the level reader will recognize:
/ DARK_THOUGHT, NIGHTMARE, RED_BLOOD_VESSEL, INNER_DEMON
/ 00:00 <- time until entity will spawn |RED_BLOOD_VESSEL <- type of entity that will spawn| 0,100 <- where the entity will spawn|100,300-300,600 <- movement path (if available to entity)


[Backgrounds-front]
0:0=0:0|Scrolling|Backgrounds\\background__0002s_0000_Layer-9|2,0|0,0|
END

[Enemies]


0:2000|RED_BLOOD_VESSEL|-100,100|
0:2500|RED_BLOOD_VESSEL|-100,400|
0:3000|RED_BLOOD_VESSEL|-100,100|


/0:2000|DARK_WHISPER|0,100|

/0:1000|RED_BLOOD_VESSEL|0,400|


/0:500|DARK_THOUGHT|0,100|100,300=300,600=1300,0=|

/0:1500|NIGHTMARE|0,350|
/0:4000|NIGHTMARE|0,350|
/0:1000|INNER_DEMON|0,200|300,200=600,600=100,100=;True;True;|
END